1/72 product_pair_4_v519-g1-0: True
2/72 product_pair_4_v519-g1-1: True
3/72 product_pair_8_v519-g1-0: True
4/72 product_pair_8_v519-g1-1: True
5/72 product_pair_12_v519-g1-0: True
6/72 product_pair_12_v519-g1-1: True
7/72 product_chain_4_v519-g1-0: True
8/72 product_chain_4_v519-g1-1: True
9/72 product_chain_8_v519-g1-0: True
10/72 product_chain_8_v519-g1-1: True
11/72 product_chain_12_v519-g1-0: True
12/72 product_chain_12_v519-g1-1: True
13/72 product_fan_in_4_v519-g1-0: True
14/72 product_fan_in_4_v519-g1-1: True
15/72 product_fan_in_8_v519-g1-0: True
16/72 product_fan_in_8_v519-g1-1: True
17/72 product_fan_in_12_v519-g1-0: True
18/72 product_fan_in_12_v519-g1-1: True
19/72 product_shared_bridge_4_v519-g1-0: True
20/72 product_shared_bridge_4_v519-g1-1: True
21/72 product_shared_bridge_8_v519-g1-0: True
22/72 product_shared_bridge_8_v519-g1-1: True
23/72 product_shared_bridge_12_v519-g1-0: True
24/72 product_shared_bridge_12_v519-g1-1: True
25/72 ratio_pair_4_v519-g1-0: True
26/72 ratio_pair_4_v519-g1-1: True
27/72 ratio_pair_8_v519-g1-0: True
28/72 ratio_pair_8_v519-g1-1: True
29/72 ratio_pair_12_v519-g1-0: True
30/72 ratio_pair_12_v519-g1-1: True
31/72 ratio_chain_4_v519-g1-0: True
32/72 ratio_chain_4_v519-g1-1: True
33/72 ratio_chain_8_v519-g1-0: True
34/72 ratio_chain_8_v519-g1-1: True
35/72 ratio_chain_12_v519-g1-0: True
36/72 ratio_chain_12_v519-g1-1: True
37/72 ratio_fan_in_4_v519-g1-0: True
38/72 ratio_fan_in_4_v519-g1-1: True
39/72 ratio_fan_in_8_v519-g1-0: True
40/72 ratio_fan_in_8_v519-g1-1: True
41/72 ratio_fan_in_12_v519-g1-0: True
42/72 ratio_fan_in_12_v519-g1-1: True
43/72 ratio_shared_bridge_4_v519-g1-0: True
44/72 ratio_shared_bridge_4_v519-g1-1: True
45/72 ratio_shared_bridge_8_v519-g1-0: True
46/72 ratio_shared_bridge_8_v519-g1-1: True
47/72 ratio_shared_bridge_12_v519-g1-0: True
48/72 ratio_shared_bridge_12_v519-g1-1: True
49/72 weighted_pair_4_v519-g1-0: True
50/72 weighted_pair_4_v519-g1-1: True
51/72 weighted_pair_8_v519-g1-0: True
52/72 weighted_pair_8_v519-g1-1: True
53/72 weighted_pair_12_v519-g1-0: True
54/72 weighted_pair_12_v519-g1-1: True
55/72 weighted_chain_4_v519-g1-0: True
56/72 weighted_chain_4_v519-g1-1: True
57/72 weighted_chain_8_v519-g1-0: True
58/72 weighted_chain_8_v519-g1-1: True
59/72 weighted_chain_12_v519-g1-0: True
60/72 weighted_chain_12_v519-g1-1: True
61/72 weighted_fan_in_4_v519-g1-0: True
62/72 weighted_fan_in_4_v519-g1-1: True
63/72 weighted_fan_in_8_v519-g1-0: True
64/72 weighted_fan_in_8_v519-g1-1: True
65/72 weighted_fan_in_12_v519-g1-0: True
66/72 weighted_fan_in_12_v519-g1-1: True
67/72 weighted_shared_bridge_4_v519-g1-0: True
68/72 weighted_shared_bridge_4_v519-g1-1: True
69/72 weighted_shared_bridge_8_v519-g1-0: True
70/72 weighted_shared_bridge_8_v519-g1-1: True
71/72 weighted_shared_bridge_12_v519-g1-0: True
72/72 weighted_shared_bridge_12_v519-g1-1: True
