G4 1/24 product/pair/v4: True
G4 2/24 product/pair/v511: True
G4 3/24 product/pair/v4: True
G4 4/24 product/pair/v511: True
G4 5/24 product/chain/v4: True
G4 6/24 product/chain/v511: True
G4 7/24 product/chain/v4: True
G4 8/24 product/chain/v511: True
G4 9/24 ratio/pair/v4: True
G4 10/24 ratio/pair/v511: True
G4 11/24 ratio/pair/v4: True
G4 12/24 ratio/pair/v511: True
G4 13/24 ratio/chain/v4: True
G4 14/24 ratio/chain/v511: True
G4 15/24 ratio/chain/v4: True
G4 16/24 ratio/chain/v511: True
G4 17/24 weighted/pair/v4: True
G4 18/24 weighted/pair/v511: True
G4 19/24 weighted/pair/v4: True
G4 20/24 weighted/pair/v511: True
G4 21/24 weighted/chain/v4: True
G4 22/24 weighted/chain/v511: True
G4 23/24 weighted/chain/v4: True
G4 24/24 weighted/chain/v511: True
